Modules list:
-------------
novalogo.o:
    CODE              Offs=000000  Size=003512  Align=00001  Fill=0000
    RODATA            Offs=000000  Size=000AA0  Align=00001  Fill=0000
    BSS               Offs=000000  Size=000A03  Align=00001  Fill=0000
    ZEROPAGE          Offs=000000  Size=00004E  Align=00001  Fill=0000
    MONITOR           Offs=000000  Size=000009  Align=00001  Fill=0000
    VECTORS           Offs=000000  Size=000006  Align=00001  Fill=0000


Segment list:
-------------
Name                   Start     End    Size  Align
----------------------------------------------------
ZEROPAGE              000030  00007D  00004E  00001
BSS                   000280  000C82  000A03  00001
CODE                  00C000  00F511  003512  00001
RODATA                00F512  00FFB1  000AA0  00001
MONITOR               00FFD7  00FFDF  000009  00001
VECTORS               00FFFA  00FFFF  000006  00001


Exports list by name:
---------------------



Exports list by value:
----------------------



Imports list:
-------------

