Modules list:
-------------
basic.o:
    CODE              Offs=000000  Size=003FD3  Align=00001  Fill=0000
    RODATA            Offs=000000  Size=000000  Align=00001  Fill=0000
    BSS               Offs=000000  Size=000000  Align=00001  Fill=0000
    DATA              Offs=000000  Size=000000  Align=00001  Fill=0000
    ZEROPAGE          Offs=000000  Size=000000  Align=00001  Fill=0000
    NULL              Offs=000000  Size=000000  Align=00001  Fill=0000
    MONITOR           Offs=000000  Size=00001F  Align=00001  Fill=0000
    VECTORS           Offs=000000  Size=000006  Align=00001  Fill=0000


Segment list:
-------------
Name                   Start     End    Size  Align
----------------------------------------------------
BSS                   000000  000000  000000  00001
DATA                  000000  000000  000000  00001
NULL                  000000  000000  000000  00001
RODATA                000000  000000  000000  00001
ZEROPAGE              000080  000080  000000  00001
CODE                  00C000  00FFD2  003FD3  00001
MONITOR               00FFD7  00FFF5  00001F  00001
VECTORS               00FFFA  00FFFF  000006  00001


Exports list by name:
---------------------
__ZP_FILEOFFS__           000000  EA    __ZP_LAST__               000080  LA    
__ZP_SIZE__               00001F  EA    __ZP_START__              000080  LA    
audio_init                00EF23  LA    audio_instrument          00EEDF  LA    
audio_midplay             00EFF7  LA    audio_midstop             00EFFC  LA    
audio_music_loop          00F01E  LA    audio_music_note          00F03C  LA    
audio_music_play          00F00B  LA    audio_music_playing       00F032  LA    
audio_music_priority      00F023  LA    audio_music_sequence      00F006  LA    
audio_music_stop          00F014  LA    audio_music_tempo         00F019  LA    
audio_play_sound          00EE3C  LA    audio_set_volume          00EE47  LA    
audio_sfload              00F001  LA    audio_sfx_playing         00F02C  LA    
audio_sidplay             00EFE9  LA    audio_sidstop             00EFF2  LA    
audio_sound               00EE4F  LA    audio_status              00F028  LA    
audio_tick                00EF58  LA    audio_volume              00EEAC  LA    
fio_cd                    00F0CB  LA    fio_check                 00F04C  LA    
fio_clear_error           00F06C  LA    fio_copy_name             00F08B  LA    
fio_delete                00F0BC  LA    fio_dir_open              00F0B2  LA    
fio_dir_read              00F0B7  LA    fio_exec                  00F059  LA    
fio_gload                 00F0C6  LA    fio_gsave                 00F0C1  LA    
fio_issue                 00F048  LA    fio_load                  00F0AD  LA    
fio_load_runtime          00F0DF  LA    fio_mkdir                 00F0D0  LA    
fio_pwd                   00F0DA  LA    fio_rmdir                 00F0D5  LA    
fio_rng                   00F0E4  LA    fio_save                  00F0A8  LA    
fio_set_io_error          00F07E  LA    nic_command               00F0E9  LA    
nic_connect               00F10A  LA    nic_copy_name             00F130  LA    
nic_disconnect            00F10E  LA    nic_length                00F12C  LA    
nic_ready                 00F122  LA    nic_recv                  00F116  LA    
nic_send                  00F112  LA    nic_status                00F11A  LA    
sprite_background_clear   00EADB  LA    sprite_background_collision_mask 00EAD4  LA    
sprite_background_collision_status 00EAD0  LA    sprite_background_irq_disable 00EAFD  LA    
sprite_background_irq_enable 00EAF0  LA    sprite_background_read_clear 00EAE7  LA    
sprite_collision_clear    00EAA3  LA    sprite_collision_irq_disable 00EAC5  LA    
sprite_collision_irq_enable 00EAB8  LA    sprite_collision_mask     00EA9C  LA    
sprite_collision_read_clear 00EAAF  LA    sprite_collision_status   00EA98  LA    
sprite_command            00EA3E  LA    sprite_disable            00EA4C  LA    
sprite_enable             00EA47  LA    sprite_get_x              00EA7D  LA    
sprite_get_y              00EA8E  LA    sprite_pos                00EA42  LA    
sprite_reg_offset         00EA56  LA    sprite_row                00EA51  LA    
sprite_set_reg16          00EA6E  LA    sprite_set_reg8           00EA63  LA    
sprite_set_shape          00EA61  LA    vgc_cls                   00E9AE  LA    
vgc_cmd                   00E999  LA    vgc_display_off           00E9C5  LA    
vgc_display_on            00E9BF  LA    vgc_flash_off             00EA35  LA    
vgc_flash_on              00EA2C  LA    vgc_irq_ack               00E9E6  LA    
vgc_irq_disable           00E9DD  LA    vgc_irq_enable            00E9D5  LA    
vgc_irq_install           00E9CB  LA    vgc_locate                00E9EA  LA    
vgc_mem_read              00E9FF  LA    vgc_mem_write             00EA02  LA    
vgc_reverse_default       00EA0A  LA    vgc_reverse_explicit      00EA15  LA    
vgc_reverse_off           00EA23  LA    vgc_set_bg                00E9B7  LA    
vgc_set_border            00E9BB  LA    vgc_set_fg                00E9B3  LA    
vgc_set_font              00E9FB  LA    vgc_set_mode              00E9F7  LA    
vgc_vsync                 00E9A5  LA    vgc_wait_cmd              00E99D  LA    



Exports list by value:
----------------------
__ZP_FILEOFFS__           000000  EA    __ZP_SIZE__               00001F  EA    
__ZP_LAST__               000080  LA    __ZP_START__              000080  LA    
vgc_cmd                   00E999  LA    vgc_wait_cmd              00E99D  LA    
vgc_vsync                 00E9A5  LA    vgc_cls                   00E9AE  LA    
vgc_set_fg                00E9B3  LA    vgc_set_bg                00E9B7  LA    
vgc_set_border            00E9BB  LA    vgc_display_on            00E9BF  LA    
vgc_display_off           00E9C5  LA    vgc_irq_install           00E9CB  LA    
vgc_irq_enable            00E9D5  LA    vgc_irq_disable           00E9DD  LA    
vgc_irq_ack               00E9E6  LA    vgc_locate                00E9EA  LA    
vgc_set_mode              00E9F7  LA    vgc_set_font              00E9FB  LA    
vgc_mem_read              00E9FF  LA    vgc_mem_write             00EA02  LA    
vgc_reverse_default       00EA0A  LA    vgc_reverse_explicit      00EA15  LA    
vgc_reverse_off           00EA23  LA    vgc_flash_on              00EA2C  LA    
vgc_flash_off             00EA35  LA    sprite_command            00EA3E  LA    
sprite_pos                00EA42  LA    sprite_enable             00EA47  LA    
sprite_disable            00EA4C  LA    sprite_row                00EA51  LA    
sprite_reg_offset         00EA56  LA    sprite_set_shape          00EA61  LA    
sprite_set_reg8           00EA63  LA    sprite_set_reg16          00EA6E  LA    
sprite_get_x              00EA7D  LA    sprite_get_y              00EA8E  LA    
sprite_collision_status   00EA98  LA    sprite_collision_mask     00EA9C  LA    
sprite_collision_clear    00EAA3  LA    sprite_collision_read_clear 00EAAF  LA    
sprite_collision_irq_enable 00EAB8  LA    sprite_collision_irq_disable 00EAC5  LA    
sprite_background_collision_status 00EAD0  LA    sprite_background_collision_mask 00EAD4  LA    
sprite_background_clear   00EADB  LA    sprite_background_read_clear 00EAE7  LA    
sprite_background_irq_enable 00EAF0  LA    sprite_background_irq_disable 00EAFD  LA    
audio_play_sound          00EE3C  LA    audio_set_volume          00EE47  LA    
audio_sound               00EE4F  LA    audio_volume              00EEAC  LA    
audio_instrument          00EEDF  LA    audio_init                00EF23  LA    
audio_tick                00EF58  LA    audio_sidplay             00EFE9  LA    
audio_sidstop             00EFF2  LA    audio_midplay             00EFF7  LA    
audio_midstop             00EFFC  LA    audio_sfload              00F001  LA    
audio_music_sequence      00F006  LA    audio_music_play          00F00B  LA    
audio_music_stop          00F014  LA    audio_music_tempo         00F019  LA    
audio_music_loop          00F01E  LA    audio_music_priority      00F023  LA    
audio_status              00F028  LA    audio_sfx_playing         00F02C  LA    
audio_music_playing       00F032  LA    audio_music_note          00F03C  LA    
fio_issue                 00F048  LA    fio_check                 00F04C  LA    
fio_exec                  00F059  LA    fio_clear_error           00F06C  LA    
fio_set_io_error          00F07E  LA    fio_copy_name             00F08B  LA    
fio_save                  00F0A8  LA    fio_load                  00F0AD  LA    
fio_dir_open              00F0B2  LA    fio_dir_read              00F0B7  LA    
fio_delete                00F0BC  LA    fio_gsave                 00F0C1  LA    
fio_gload                 00F0C6  LA    fio_cd                    00F0CB  LA    
fio_mkdir                 00F0D0  LA    fio_rmdir                 00F0D5  LA    
fio_pwd                   00F0DA  LA    fio_load_runtime          00F0DF  LA    
fio_rng                   00F0E4  LA    nic_command               00F0E9  LA    
nic_connect               00F10A  LA    nic_disconnect            00F10E  LA    
nic_send                  00F112  LA    nic_recv                  00F116  LA    
nic_status                00F11A  LA    nic_ready                 00F122  LA    
nic_length                00F12C  LA    nic_copy_name             00F130  LA    



Imports list:
-------------
__ZP_FILEOFFS__ ([linker generated]):
__ZP_LAST__ ([linker generated]):
__ZP_SIZE__ ([linker generated]):
__ZP_START__ ([linker generated]):
audio_init (basic.o):
audio_instrument (basic.o):
audio_midplay (basic.o):
audio_midstop (basic.o):
audio_music_loop (basic.o):
audio_music_note (basic.o):
audio_music_play (basic.o):
audio_music_playing (basic.o):
audio_music_priority (basic.o):
audio_music_sequence (basic.o):
audio_music_stop (basic.o):
audio_music_tempo (basic.o):
audio_play_sound (basic.o):
audio_set_volume (basic.o):
audio_sfload (basic.o):
audio_sfx_playing (basic.o):
audio_sidplay (basic.o):
audio_sidstop (basic.o):
audio_sound (basic.o):
audio_status (basic.o):
audio_tick (basic.o):
audio_volume (basic.o):
fio_cd (basic.o):
fio_check (basic.o):
fio_clear_error (basic.o):
fio_copy_name (basic.o):
fio_delete (basic.o):
fio_dir_open (basic.o):
fio_dir_read (basic.o):
fio_exec (basic.o):
fio_gload (basic.o):
fio_gsave (basic.o):
fio_issue (basic.o):
fio_load (basic.o):
fio_load_runtime (basic.o):
fio_mkdir (basic.o):
fio_pwd (basic.o):
fio_rmdir (basic.o):
fio_rng (basic.o):
fio_save (basic.o):
fio_set_io_error (basic.o):
nic_command (basic.o):
nic_connect (basic.o):
nic_copy_name (basic.o):
nic_disconnect (basic.o):
nic_length (basic.o):
nic_ready (basic.o):
nic_recv (basic.o):
nic_send (basic.o):
nic_status (basic.o):
sprite_background_clear (basic.o):
sprite_background_collision_mask (basic.o):
sprite_background_collision_status (basic.o):
sprite_background_irq_disable (basic.o):
sprite_background_irq_enable (basic.o):
sprite_background_read_clear (basic.o):
sprite_collision_clear (basic.o):
sprite_collision_irq_disable (basic.o):
sprite_collision_irq_enable (basic.o):
sprite_collision_mask (basic.o):
sprite_collision_read_clear (basic.o):
sprite_collision_status (basic.o):
sprite_command (basic.o):
sprite_disable (basic.o):
sprite_enable (basic.o):
sprite_get_x (basic.o):
sprite_get_y (basic.o):
sprite_pos (basic.o):
sprite_reg_offset (basic.o):
sprite_row (basic.o):
sprite_set_reg16 (basic.o):
sprite_set_reg8 (basic.o):
sprite_set_shape (basic.o):
vgc_cls (basic.o):
vgc_cmd (basic.o):
vgc_display_off (basic.o):
vgc_display_on (basic.o):
vgc_flash_off (basic.o):
vgc_flash_on (basic.o):
vgc_irq_ack (basic.o):
vgc_irq_disable (basic.o):
vgc_irq_enable (basic.o):
vgc_irq_install (basic.o):
vgc_locate (basic.o):
vgc_mem_read (basic.o):
vgc_mem_write (basic.o):
vgc_reverse_default (basic.o):
vgc_reverse_explicit (basic.o):
vgc_reverse_off (basic.o):
vgc_set_bg (basic.o):
vgc_set_border (basic.o):
vgc_set_fg (basic.o):
vgc_set_font (basic.o):
vgc_set_mode (basic.o):
vgc_vsync (basic.o):
vgc_wait_cmd (basic.o):

