Modules list:
-------------
basic.o:
    CODE              Offs=000000  Size=003D21  Align=00001  Fill=0000
    RODATA            Offs=000000  Size=000000  Align=00001  Fill=0000
    BSS               Offs=000000  Size=000000  Align=00001  Fill=0000
    DATA              Offs=000000  Size=000000  Align=00001  Fill=0000
    ZEROPAGE          Offs=000000  Size=000000  Align=00001  Fill=0000
    NULL              Offs=000000  Size=000000  Align=00001  Fill=0000
    MONITOR           Offs=000000  Size=00001F  Align=00001  Fill=0000
    VECTORS           Offs=000000  Size=000006  Align=00001  Fill=0000


Segment list:
-------------
Name                   Start     End    Size  Align
----------------------------------------------------
BSS                   000000  000000  000000  00001
DATA                  000000  000000  000000  00001
NULL                  000000  000000  000000  00001
RODATA                000000  000000  000000  00001
ZEROPAGE              000080  000080  000000  00001
CODE                  00C000  00FD20  003D21  00001
MONITOR               00FFD7  00FFF5  00001F  00001
VECTORS               00FFFA  00FFFF  000006  00001


Exports list by name:
---------------------
__ZP_FILEOFFS__           000000  EA    __ZP_LAST__               000080  LA    
__ZP_SIZE__               00001F  EA    __ZP_START__              000080  LA    
audio_instrument          00EE0B  LA    audio_midplay             00EE1E  LA    
audio_midstop             00EE23  LA    audio_music_loop          00EE45  LA    
audio_music_note          00EE63  LA    audio_music_play          00EE32  LA    
audio_music_playing       00EE59  LA    audio_music_priority      00EE4A  LA    
audio_music_sequence      00EE2D  LA    audio_music_stop          00EE3B  LA    
audio_music_tempo         00EE40  LA    audio_play_sound          00EDEE  LA    
audio_set_volume          00EDF9  LA    audio_sfload              00EE28  LA    
audio_sfx_playing         00EE53  LA    audio_sidplay             00EE10  LA    
audio_sidstop             00EE19  LA    audio_sound               00EE01  LA    
audio_status              00EE4F  LA    audio_volume              00EE06  LA    
fio_cd                    00EDD0  LA    fio_check                 00ED51  LA    
fio_clear_error           00ED71  LA    fio_copy_name             00ED90  LA    
fio_delete                00EDC1  LA    fio_dir_open              00EDB7  LA    
fio_dir_read              00EDBC  LA    fio_exec                  00ED5E  LA    
fio_gload                 00EDCB  LA    fio_gsave                 00EDC6  LA    
fio_issue                 00ED4D  LA    fio_load                  00EDB2  LA    
fio_load_runtime          00EDE4  LA    fio_mkdir                 00EDD5  LA    
fio_pwd                   00EDDF  LA    fio_rmdir                 00EDDA  LA    
fio_rng                   00EDE9  LA    fio_save                  00EDAD  LA    
fio_set_io_error          00ED83  LA    nic_command               00EE6F  LA    
nic_connect               00EE73  LA    nic_copy_name             00EE99  LA    
nic_disconnect            00EE77  LA    nic_length                00EE95  LA    
nic_ready                 00EE8B  LA    nic_recv                  00EE7F  LA    
nic_send                  00EE7B  LA    nic_status                00EE83  LA    
sprite_background_collision_status 00E9E8  LA    sprite_collision_status   00E9E4  LA    
sprite_command            00E98A  LA    sprite_disable            00E998  LA    
sprite_enable             00E993  LA    sprite_get_x              00E9C9  LA    
sprite_get_y              00E9DA  LA    sprite_pos                00E98E  LA    
sprite_reg_offset         00E9A2  LA    sprite_row                00E99D  LA    
sprite_set_reg16          00E9BA  LA    sprite_set_reg8           00E9AF  LA    
sprite_set_shape          00E9AD  LA    vgc_cls                   00E924  LA    
vgc_cmd                   00E90F  LA    vgc_flash_off             00E981  LA    
vgc_flash_on              00E978  LA    vgc_locate                00E936  LA    
vgc_mem_read              00E94B  LA    vgc_mem_write             00E94E  LA    
vgc_reverse_default       00E956  LA    vgc_reverse_explicit      00E961  LA    
vgc_reverse_off           00E96F  LA    vgc_set_bg                00E92E  LA    
vgc_set_border            00E932  LA    vgc_set_fg                00E92A  LA    
vgc_set_font              00E947  LA    vgc_set_mode              00E943  LA    
vgc_vsync                 00E91B  LA    vgc_wait_cmd              00E913  LA    



Exports list by value:
----------------------
__ZP_FILEOFFS__           000000  EA    __ZP_SIZE__               00001F  EA    
__ZP_LAST__               000080  LA    __ZP_START__              000080  LA    
vgc_cmd                   00E90F  LA    vgc_wait_cmd              00E913  LA    
vgc_vsync                 00E91B  LA    vgc_cls                   00E924  LA    
vgc_set_fg                00E92A  LA    vgc_set_bg                00E92E  LA    
vgc_set_border            00E932  LA    vgc_locate                00E936  LA    
vgc_set_mode              00E943  LA    vgc_set_font              00E947  LA    
vgc_mem_read              00E94B  LA    vgc_mem_write             00E94E  LA    
vgc_reverse_default       00E956  LA    vgc_reverse_explicit      00E961  LA    
vgc_reverse_off           00E96F  LA    vgc_flash_on              00E978  LA    
vgc_flash_off             00E981  LA    sprite_command            00E98A  LA    
sprite_pos                00E98E  LA    sprite_enable             00E993  LA    
sprite_disable            00E998  LA    sprite_row                00E99D  LA    
sprite_reg_offset         00E9A2  LA    sprite_set_shape          00E9AD  LA    
sprite_set_reg8           00E9AF  LA    sprite_set_reg16          00E9BA  LA    
sprite_get_x              00E9C9  LA    sprite_get_y              00E9DA  LA    
sprite_collision_status   00E9E4  LA    sprite_background_collision_status 00E9E8  LA    
fio_issue                 00ED4D  LA    fio_check                 00ED51  LA    
fio_exec                  00ED5E  LA    fio_clear_error           00ED71  LA    
fio_set_io_error          00ED83  LA    fio_copy_name             00ED90  LA    
fio_save                  00EDAD  LA    fio_load                  00EDB2  LA    
fio_dir_open              00EDB7  LA    fio_dir_read              00EDBC  LA    
fio_delete                00EDC1  LA    fio_gsave                 00EDC6  LA    
fio_gload                 00EDCB  LA    fio_cd                    00EDD0  LA    
fio_mkdir                 00EDD5  LA    fio_rmdir                 00EDDA  LA    
fio_pwd                   00EDDF  LA    fio_load_runtime          00EDE4  LA    
fio_rng                   00EDE9  LA    audio_play_sound          00EDEE  LA    
audio_set_volume          00EDF9  LA    audio_sound               00EE01  LA    
audio_volume              00EE06  LA    audio_instrument          00EE0B  LA    
audio_sidplay             00EE10  LA    audio_sidstop             00EE19  LA    
audio_midplay             00EE1E  LA    audio_midstop             00EE23  LA    
audio_sfload              00EE28  LA    audio_music_sequence      00EE2D  LA    
audio_music_play          00EE32  LA    audio_music_stop          00EE3B  LA    
audio_music_tempo         00EE40  LA    audio_music_loop          00EE45  LA    
audio_music_priority      00EE4A  LA    audio_status              00EE4F  LA    
audio_sfx_playing         00EE53  LA    audio_music_playing       00EE59  LA    
audio_music_note          00EE63  LA    nic_command               00EE6F  LA    
nic_connect               00EE73  LA    nic_disconnect            00EE77  LA    
nic_send                  00EE7B  LA    nic_recv                  00EE7F  LA    
nic_status                00EE83  LA    nic_ready                 00EE8B  LA    
nic_length                00EE95  LA    nic_copy_name             00EE99  LA    



Imports list:
-------------
__ZP_FILEOFFS__ ([linker generated]):
__ZP_LAST__ ([linker generated]):
__ZP_SIZE__ ([linker generated]):
__ZP_START__ ([linker generated]):
audio_instrument (basic.o):
audio_midplay (basic.o):
audio_midstop (basic.o):
audio_music_loop (basic.o):
audio_music_note (basic.o):
audio_music_play (basic.o):
audio_music_playing (basic.o):
audio_music_priority (basic.o):
audio_music_sequence (basic.o):
audio_music_stop (basic.o):
audio_music_tempo (basic.o):
audio_play_sound (basic.o):
audio_set_volume (basic.o):
audio_sfload (basic.o):
audio_sfx_playing (basic.o):
audio_sidplay (basic.o):
audio_sidstop (basic.o):
audio_sound (basic.o):
audio_status (basic.o):
audio_volume (basic.o):
fio_cd (basic.o):
fio_check (basic.o):
fio_clear_error (basic.o):
fio_copy_name (basic.o):
fio_delete (basic.o):
fio_dir_open (basic.o):
fio_dir_read (basic.o):
fio_exec (basic.o):
fio_gload (basic.o):
fio_gsave (basic.o):
fio_issue (basic.o):
fio_load (basic.o):
fio_load_runtime (basic.o):
fio_mkdir (basic.o):
fio_pwd (basic.o):
fio_rmdir (basic.o):
fio_rng (basic.o):
fio_save (basic.o):
fio_set_io_error (basic.o):
nic_command (basic.o):
nic_connect (basic.o):
nic_copy_name (basic.o):
nic_disconnect (basic.o):
nic_length (basic.o):
nic_ready (basic.o):
nic_recv (basic.o):
nic_send (basic.o):
nic_status (basic.o):
sprite_background_collision_status (basic.o):
sprite_collision_status (basic.o):
sprite_command (basic.o):
sprite_disable (basic.o):
sprite_enable (basic.o):
sprite_get_x (basic.o):
sprite_get_y (basic.o):
sprite_pos (basic.o):
sprite_reg_offset (basic.o):
sprite_row (basic.o):
sprite_set_reg16 (basic.o):
sprite_set_reg8 (basic.o):
sprite_set_shape (basic.o):
vgc_cls (basic.o):
vgc_cmd (basic.o):
vgc_flash_off (basic.o):
vgc_flash_on (basic.o):
vgc_locate (basic.o):
vgc_mem_read (basic.o):
vgc_mem_write (basic.o):
vgc_reverse_default (basic.o):
vgc_reverse_explicit (basic.o):
vgc_reverse_off (basic.o):
vgc_set_bg (basic.o):
vgc_set_border (basic.o):
vgc_set_fg (basic.o):
vgc_set_font (basic.o):
vgc_set_mode (basic.o):
vgc_vsync (basic.o):
vgc_wait_cmd (basic.o):

