Modules list:
-------------
basic.o:
    CODE              Offs=000000  Size=003E43  Align=00001  Fill=0000
    RODATA            Offs=000000  Size=000000  Align=00001  Fill=0000
    BSS               Offs=000000  Size=000000  Align=00001  Fill=0000
    DATA              Offs=000000  Size=000000  Align=00001  Fill=0000
    ZEROPAGE          Offs=000000  Size=000000  Align=00001  Fill=0000
    NULL              Offs=000000  Size=000000  Align=00001  Fill=0000
    MONITOR           Offs=000000  Size=00001F  Align=00001  Fill=0000
    VECTORS           Offs=000000  Size=000006  Align=00001  Fill=0000


Segment list:
-------------
Name                   Start     End    Size  Align
----------------------------------------------------
BSS                   000000  000000  000000  00001
DATA                  000000  000000  000000  00001
NULL                  000000  000000  000000  00001
RODATA                000000  000000  000000  00001
ZEROPAGE              000080  000080  000000  00001
CODE                  00C000  00FE42  003E43  00001
MONITOR               00FFD7  00FFF5  00001F  00001
VECTORS               00FFFA  00FFFF  000006  00001


Exports list by name:
---------------------
__ZP_FILEOFFS__           000000  EA    __ZP_LAST__               000080  LA    
__ZP_SIZE__               00001F  EA    __ZP_START__              000080  LA    
audio_instrument          00EEF5  LA    audio_midplay             00EF08  LA    
audio_midstop             00EF0D  LA    audio_music_loop          00EF2F  LA    
audio_music_note          00EF4D  LA    audio_music_play          00EF1C  LA    
audio_music_playing       00EF43  LA    audio_music_priority      00EF34  LA    
audio_music_sequence      00EF17  LA    audio_music_stop          00EF25  LA    
audio_music_tempo         00EF2A  LA    audio_play_sound          00EED8  LA    
audio_set_volume          00EEE3  LA    audio_sfload              00EF12  LA    
audio_sfx_playing         00EF3D  LA    audio_sidplay             00EEFA  LA    
audio_sidstop             00EF03  LA    audio_sound               00EEEB  LA    
audio_status              00EF39  LA    audio_volume              00EEF0  LA    
fio_cd                    00EEBA  LA    fio_check                 00EE3B  LA    
fio_clear_error           00EE5B  LA    fio_copy_name             00EE7A  LA    
fio_delete                00EEAB  LA    fio_dir_open              00EEA1  LA    
fio_dir_read              00EEA6  LA    fio_exec                  00EE48  LA    
fio_gload                 00EEB5  LA    fio_gsave                 00EEB0  LA    
fio_issue                 00EE37  LA    fio_load                  00EE9C  LA    
fio_load_runtime          00EECE  LA    fio_mkdir                 00EEBF  LA    
fio_pwd                   00EEC9  LA    fio_rmdir                 00EEC4  LA    
fio_rng                   00EED3  LA    fio_save                  00EE97  LA    
fio_set_io_error          00EE6D  LA    nic_command               00EF59  LA    
nic_connect               00EF7A  LA    nic_copy_name             00EFA0  LA    
nic_disconnect            00EF7E  LA    nic_length                00EF9C  LA    
nic_ready                 00EF92  LA    nic_recv                  00EF86  LA    
nic_send                  00EF82  LA    nic_status                00EF8A  LA    
sprite_background_clear   00EADC  LA    sprite_background_collision_mask 00EAD5  LA    
sprite_background_collision_status 00EAD1  LA    sprite_background_irq_disable 00EAFE  LA    
sprite_background_irq_enable 00EAF1  LA    sprite_background_read_clear 00EAE8  LA    
sprite_collision_clear    00EAA4  LA    sprite_collision_irq_disable 00EAC6  LA    
sprite_collision_irq_enable 00EAB9  LA    sprite_collision_mask     00EA9D  LA    
sprite_collision_read_clear 00EAB0  LA    sprite_collision_status   00EA99  LA    
sprite_command            00EA3F  LA    sprite_disable            00EA4D  LA    
sprite_enable             00EA48  LA    sprite_get_x              00EA7E  LA    
sprite_get_y              00EA8F  LA    sprite_pos                00EA43  LA    
sprite_reg_offset         00EA57  LA    sprite_row                00EA52  LA    
sprite_set_reg16          00EA6F  LA    sprite_set_reg8           00EA64  LA    
sprite_set_shape          00EA62  LA    vgc_cls                   00E9AE  LA    
vgc_cmd                   00E999  LA    vgc_display_off           00E9C6  LA    
vgc_display_on            00E9C0  LA    vgc_flash_off             00EA36  LA    
vgc_flash_on              00EA2D  LA    vgc_irq_ack               00E9E7  LA    
vgc_irq_disable           00E9DE  LA    vgc_irq_enable            00E9D6  LA    
vgc_irq_install           00E9CC  LA    vgc_locate                00E9EB  LA    
vgc_mem_read              00EA00  LA    vgc_mem_write             00EA03  LA    
vgc_reverse_default       00EA0B  LA    vgc_reverse_explicit      00EA16  LA    
vgc_reverse_off           00EA24  LA    vgc_set_bg                00E9B8  LA    
vgc_set_border            00E9BC  LA    vgc_set_fg                00E9B4  LA    
vgc_set_font              00E9FC  LA    vgc_set_mode              00E9F8  LA    
vgc_vsync                 00E9A5  LA    vgc_wait_cmd              00E99D  LA    



Exports list by value:
----------------------
__ZP_FILEOFFS__           000000  EA    __ZP_SIZE__               00001F  EA    
__ZP_LAST__               000080  LA    __ZP_START__              000080  LA    
vgc_cmd                   00E999  LA    vgc_wait_cmd              00E99D  LA    
vgc_vsync                 00E9A5  LA    vgc_cls                   00E9AE  LA    
vgc_set_fg                00E9B4  LA    vgc_set_bg                00E9B8  LA    
vgc_set_border            00E9BC  LA    vgc_display_on            00E9C0  LA    
vgc_display_off           00E9C6  LA    vgc_irq_install           00E9CC  LA    
vgc_irq_enable            00E9D6  LA    vgc_irq_disable           00E9DE  LA    
vgc_irq_ack               00E9E7  LA    vgc_locate                00E9EB  LA    
vgc_set_mode              00E9F8  LA    vgc_set_font              00E9FC  LA    
vgc_mem_read              00EA00  LA    vgc_mem_write             00EA03  LA    
vgc_reverse_default       00EA0B  LA    vgc_reverse_explicit      00EA16  LA    
vgc_reverse_off           00EA24  LA    vgc_flash_on              00EA2D  LA    
vgc_flash_off             00EA36  LA    sprite_command            00EA3F  LA    
sprite_pos                00EA43  LA    sprite_enable             00EA48  LA    
sprite_disable            00EA4D  LA    sprite_row                00EA52  LA    
sprite_reg_offset         00EA57  LA    sprite_set_shape          00EA62  LA    
sprite_set_reg8           00EA64  LA    sprite_set_reg16          00EA6F  LA    
sprite_get_x              00EA7E  LA    sprite_get_y              00EA8F  LA    
sprite_collision_status   00EA99  LA    sprite_collision_mask     00EA9D  LA    
sprite_collision_clear    00EAA4  LA    sprite_collision_read_clear 00EAB0  LA    
sprite_collision_irq_enable 00EAB9  LA    sprite_collision_irq_disable 00EAC6  LA    
sprite_background_collision_status 00EAD1  LA    sprite_background_collision_mask 00EAD5  LA    
sprite_background_clear   00EADC  LA    sprite_background_read_clear 00EAE8  LA    
sprite_background_irq_enable 00EAF1  LA    sprite_background_irq_disable 00EAFE  LA    
fio_issue                 00EE37  LA    fio_check                 00EE3B  LA    
fio_exec                  00EE48  LA    fio_clear_error           00EE5B  LA    
fio_set_io_error          00EE6D  LA    fio_copy_name             00EE7A  LA    
fio_save                  00EE97  LA    fio_load                  00EE9C  LA    
fio_dir_open              00EEA1  LA    fio_dir_read              00EEA6  LA    
fio_delete                00EEAB  LA    fio_gsave                 00EEB0  LA    
fio_gload                 00EEB5  LA    fio_cd                    00EEBA  LA    
fio_mkdir                 00EEBF  LA    fio_rmdir                 00EEC4  LA    
fio_pwd                   00EEC9  LA    fio_load_runtime          00EECE  LA    
fio_rng                   00EED3  LA    audio_play_sound          00EED8  LA    
audio_set_volume          00EEE3  LA    audio_sound               00EEEB  LA    
audio_volume              00EEF0  LA    audio_instrument          00EEF5  LA    
audio_sidplay             00EEFA  LA    audio_sidstop             00EF03  LA    
audio_midplay             00EF08  LA    audio_midstop             00EF0D  LA    
audio_sfload              00EF12  LA    audio_music_sequence      00EF17  LA    
audio_music_play          00EF1C  LA    audio_music_stop          00EF25  LA    
audio_music_tempo         00EF2A  LA    audio_music_loop          00EF2F  LA    
audio_music_priority      00EF34  LA    audio_status              00EF39  LA    
audio_sfx_playing         00EF3D  LA    audio_music_playing       00EF43  LA    
audio_music_note          00EF4D  LA    nic_command               00EF59  LA    
nic_connect               00EF7A  LA    nic_disconnect            00EF7E  LA    
nic_send                  00EF82  LA    nic_recv                  00EF86  LA    
nic_status                00EF8A  LA    nic_ready                 00EF92  LA    
nic_length                00EF9C  LA    nic_copy_name             00EFA0  LA    



Imports list:
-------------
__ZP_FILEOFFS__ ([linker generated]):
__ZP_LAST__ ([linker generated]):
__ZP_SIZE__ ([linker generated]):
__ZP_START__ ([linker generated]):
audio_instrument (basic.o):
audio_midplay (basic.o):
audio_midstop (basic.o):
audio_music_loop (basic.o):
audio_music_note (basic.o):
audio_music_play (basic.o):
audio_music_playing (basic.o):
audio_music_priority (basic.o):
audio_music_sequence (basic.o):
audio_music_stop (basic.o):
audio_music_tempo (basic.o):
audio_play_sound (basic.o):
audio_set_volume (basic.o):
audio_sfload (basic.o):
audio_sfx_playing (basic.o):
audio_sidplay (basic.o):
audio_sidstop (basic.o):
audio_sound (basic.o):
audio_status (basic.o):
audio_volume (basic.o):
fio_cd (basic.o):
fio_check (basic.o):
fio_clear_error (basic.o):
fio_copy_name (basic.o):
fio_delete (basic.o):
fio_dir_open (basic.o):
fio_dir_read (basic.o):
fio_exec (basic.o):
fio_gload (basic.o):
fio_gsave (basic.o):
fio_issue (basic.o):
fio_load (basic.o):
fio_load_runtime (basic.o):
fio_mkdir (basic.o):
fio_pwd (basic.o):
fio_rmdir (basic.o):
fio_rng (basic.o):
fio_save (basic.o):
fio_set_io_error (basic.o):
nic_command (basic.o):
nic_connect (basic.o):
nic_copy_name (basic.o):
nic_disconnect (basic.o):
nic_length (basic.o):
nic_ready (basic.o):
nic_recv (basic.o):
nic_send (basic.o):
nic_status (basic.o):
sprite_background_clear (basic.o):
sprite_background_collision_mask (basic.o):
sprite_background_collision_status (basic.o):
sprite_background_irq_disable (basic.o):
sprite_background_irq_enable (basic.o):
sprite_background_read_clear (basic.o):
sprite_collision_clear (basic.o):
sprite_collision_irq_disable (basic.o):
sprite_collision_irq_enable (basic.o):
sprite_collision_mask (basic.o):
sprite_collision_read_clear (basic.o):
sprite_collision_status (basic.o):
sprite_command (basic.o):
sprite_disable (basic.o):
sprite_enable (basic.o):
sprite_get_x (basic.o):
sprite_get_y (basic.o):
sprite_pos (basic.o):
sprite_reg_offset (basic.o):
sprite_row (basic.o):
sprite_set_reg16 (basic.o):
sprite_set_reg8 (basic.o):
sprite_set_shape (basic.o):
vgc_cls (basic.o):
vgc_cmd (basic.o):
vgc_display_off (basic.o):
vgc_display_on (basic.o):
vgc_flash_off (basic.o):
vgc_flash_on (basic.o):
vgc_irq_ack (basic.o):
vgc_irq_disable (basic.o):
vgc_irq_enable (basic.o):
vgc_irq_install (basic.o):
vgc_locate (basic.o):
vgc_mem_read (basic.o):
vgc_mem_write (basic.o):
vgc_reverse_default (basic.o):
vgc_reverse_explicit (basic.o):
vgc_reverse_off (basic.o):
vgc_set_bg (basic.o):
vgc_set_border (basic.o):
vgc_set_fg (basic.o):
vgc_set_font (basic.o):
vgc_set_mode (basic.o):
vgc_vsync (basic.o):
vgc_wait_cmd (basic.o):

