WARNING: rtl/top.sv:670: value is unhandled for priority or unique case statement
         Time: 0  Scope: tb_top.dut
WARNING: rtl/top.sv:670: value is unhandled for priority or unique case statement
         Time: 0  Scope: tb_top.dut
[t] cyc=50000 PC=xxxx A=xx daddr=01xx ce=1 xstall=x xmc=x xbusy=0 oeA=0 weA=0
[t] cyc=50000 PC=xxxx A=xx daddr=01xx ce=0 xstall=0 xmc=x xbusy=0 oeA=0 weA=0

[t] cyc=100000 PC=c066 A=55 daddr=0011 ce=1 xstall=0 xmc=0 xbusy=0 oeA=0 weA=0
[t] cyc=100000 PC=c066 A=55 daddr=0012 ce=0 xstall=0 xmc=0 xbusy=0 oeA=0 weA=0
[t] cyc=150000 PC=c077 A=00 daddr=c056 ce=1 xstall=0 xmc=0 xbusy=0 oeA=0 weA=0
[t] cyc=150000 PC=c057 A=00 daddr=c057 ce=0 xstall=0 xmc=0 xbusy=0 oeA=0 weA=0
[t] cyc=200000 PC=c070 A=aa daddr=c070 ce=1 xstall=0 xmc=0 xbusy=0 oeA=0 weA=0
[t] cyc=200000 PC=c071 A=aa daddr=c071 ce=0 xstall=0 xmc=0 xbusy=0 oeA=0 weA=0
[t] cyc=250000 PC=c06c A=55 daddr=c06b ce=1 xstall=0 xmc=0 xbusy=0 oeA=0 weA=0
[t] cyc=250000 PC=c06c A=55 daddr=c06c ce=0 xstall=0 xmc=0 xbusy=0 oeA=0 weA=0
[t] cyc=300000 PC=c066 A=55 daddr=0012 ce=1 xstall=0 xmc=0 xbusy=0 oeA=0 weA=0
[t] cyc=300000 PC=c066 A=55 daddr=cdcd ce=0 xstall=0 xmc=0 xbusy=0 oeA=0 weA=0
[t] cyc=350000 PC=c057 A=00 daddr=c057 ce=1 xstall=0 xmc=0 xbusy=0 oeA=0 weA=0
[t] cyc=350000 PC=c058 A=00 daddr=00e6 ce=0 xstall=0 xmc=0 xbusy=0 oeA=0 weA=0
[t] cyc=400000 PC=c071 A=aa daddr=c071 ce=1 xstall=0 xmc=0 xbusy=0 oeA=0 weA=0
[t] cyc=400000 PC=c072 A=aa daddr=c072 ce=0 xstall=0 xmc=0 xbusy=0 oeA=0 weA=0
[t] cyc=450000 PC=c06c A=55 daddr=c06c ce=1 xstall=0 xmc=0 xbusy=0 oeA=0 weA=0
[t] cyc=450000 PC=c06d A=aa daddr=0091 ce=0 xstall=0 xmc=0 xbusy=0 oeA=0 weA=0
[t] cyc=500000 PC=c066 A=55 daddr=19c4 ce=1 xstall=0 xmc=0 xbusy=0 oeA=0 weA=0
[t] cyc=500000 PC=c066 A=55 daddr=19c4 ce=0 xstall=0 xmc=0 xbusy=0 oeA=0 weA=0
[t] cyc=550000 PC=c058 A=00 daddr=0011 ce=1 xstall=0 xmc=0 xbusy=0 oeA=0 weA=0
[t] cyc=550000 PC=c058 A=00 daddr=0011 ce=0 xstall=0 xmc=0 xbusy=0 oeA=0 weA=0
[t] cyc=600000 PC=c072 A=aa daddr=c072 ce=1 xstall=0 xmc=0 xbusy=0 oeA=0 weA=0
[t] cyc=600000 PC=c073 A=aa daddr=c072 ce=0 xstall=0 xmc=0 xbusy=0 oeA=0 weA=0
[t] cyc=650000 PC=c06d A=aa daddr=0011 ce=1 xstall=0 xmc=0 xbusy=0 oeA=0 weA=0
[t] cyc=650000 PC=c06d A=aa daddr=0012 ce=0 xstall=0 xmc=0 xbusy=0 oeA=0 weA=0
[t] cyc=700000 PC=c066 A=55 daddr=21bb ce=1 xstall=0 xmc=0 xbusy=0 oeA=0 weA=0
[t] cyc=700000 PC=c066 A=55 daddr=c066 ce=0 xstall=0 xmc=0 xbusy=0 oeA=0 weA=0
[t] cyc=750000 PC=c058 A=00 daddr=0011 ce=1 xstall=0 xmc=0 xbusy=0 oeA=0 weA=0
[t] cyc=750000 PC=c058 A=00 daddr=0011 ce=0 xstall=0 xmc=0 xbusy=0 oeA=0 weA=0
[t] cyc=800000 PC=c073 A=aa daddr=c072 ce=1 xstall=0 xmc=0 xbusy=0 oeA=0 weA=0
[t] cyc=800000 PC=c073 A=aa daddr=c073 ce=0 xstall=0 xmc=0 xbusy=0 oeA=0 weA=0
[t] cyc=850000 PC=c06d A=aa daddr=0012 ce=1 xstall=0 xmc=0 xbusy=0 oeA=0 weA=0
[t] cyc=850000 PC=c06d A=aa daddr=b4b4 ce=0 xstall=0 xmc=0 xbusy=0 oeA=0 weA=0
[t] cyc=900000 PC=c066 A=55 daddr=c066 ce=1 xstall=0 xmc=0 xbusy=0 oeA=0 weA=0
[t] cyc=900000 PC=c067 A=55 daddr=c067 ce=0 xstall=0 xmc=0 xbusy=0 oeA=0 weA=0
[t] cyc=950000 PC=c058 A=00 daddr=0011 ce=1 xstall=0 xmc=0 xbusy=0 oeA=0 weA=0
[t] cyc=950000 PC=c058 A=00 daddr=c058 ce=0 xstall=0 xmc=0 xbusy=0 oeA=0 weA=0
[t] cyc=1000000 PC=c073 A=aa daddr=c073 ce=1 xstall=0 xmc=0 xbusy=0 oeA=0 weA=0
[t] cyc=1000000 PC=c074 A=00 daddr=0091 ce=0 xstall=0 xmc=0 xbusy=0 oeA=0 weA=0
[t] cyc=1050000 PC=c06d A=aa daddr=2fab ce=1 xstall=0 xmc=0 xbusy=0 oeA=0 weA=0
[t] cyc=1050000 PC=c06d A=aa daddr=2fab ce=0 xstall=0 xmc=0 xbusy=0 oeA=0 weA=0
[t] cyc=1100000 PC=c067 A=55 daddr=c067 ce=1 xstall=0 xmc=0 xbusy=0 oeA=0 weA=0
[t] cyc=1100000 PC=c068 A=55 daddr=00d1 ce=0 xstall=0 xmc=0 xbusy=0 oeA=0 weA=0
[t] cyc=1150000 PC=c058 A=00 daddr=c058 ce=1 xstall=0 xmc=0 xbusy=0 oeA=0 weA=0
[t] cyc=1150000 PC=c059 A=00 daddr=c059 ce=0 xstall=0 xmc=0 xbusy=0 oeA=0 weA=0
[t] cyc=1200000 PC=c074 A=00 daddr=0011 ce=1 xstall=0 xmc=0 xbusy=0 oeA=0 weA=0
[t] cyc=1200000 PC=c074 A=00 daddr=0012 ce=0 xstall=0 xmc=0 xbusy=0 oeA=0 weA=0
[t] cyc=1250000 PC=c06d A=aa daddr=37a2 ce=1 xstall=0 xmc=0 xbusy=0 oeA=0 weA=0
[t] cyc=1250000 PC=c06d A=aa daddr=c06d ce=0 xstall=0 xmc=0 xbusy=0 oeA=0 weA=0
[t] cyc=1300000 PC=c068 A=55 daddr=0011 ce=1 xstall=0 xmc=0 xbusy=0 oeA=0 weA=0
[t] cyc=1300000 PC=c068 A=55 daddr=0012 ce=0 xstall=0 xmc=0 xbusy=0 oeA=0 weA=0
[t] cyc=1350000 PC=c059 A=00 daddr=c059 ce=1 xstall=0 xmc=0 xbusy=0 oeA=0 weA=0
[t] cyc=1350000 PC=c05a A=00 daddr=c05a ce=0 xstall=0 xmc=0 xbusy=0 oeA=0 weA=0
[t] cyc=1400000 PC=c074 A=00 daddr=0012 ce=1 xstall=0 xmc=0 xbusy=0 oeA=0 weA=0
[t] cyc=1400000 PC=c074 A=00 daddr=9b9b ce=0 xstall=0 xmc=0 xbusy=0 oeA=0 weA=0
[t] cyc=1450000 PC=c06d A=aa daddr=c06d ce=1 xstall=0 xmc=0 xbusy=0 oeA=0 weA=0
[t] cyc=1450000 PC=c06e A=aa daddr=c06e ce=0 xstall=0 xmc=0 xbusy=0 oeA=0 weA=0
[t] cyc=1500000 PC=c068 A=55 daddr=0012 ce=1 xstall=0 xmc=0 xbusy=0 oeA=0 weA=0
[t] cyc=1500000 PC=c068 A=55 daddr=9797 ce=0 xstall=0 xmc=0 xbusy=0 oeA=0 weA=0
[t] cyc=1550000 PC=c05a A=00 daddr=c05a ce=1 xstall=0 xmc=0 xbusy=0 oeA=0 weA=0
[t] cyc=1550000 PC=c05b A=00 daddr=c062 ce=0 xstall=0 xmc=0 xbusy=0 oeA=0 weA=0
[t] cyc=1600000 PC=c074 A=00 daddr=4592 ce=1 xstall=0 xmc=0 xbusy=0 oeA=0 weA=0
[t] cyc=1600000 PC=c074 A=00 daddr=4592 ce=0 xstall=0 xmc=0 xbusy=0 oeA=0 weA=0
[t] cyc=1650000 PC=c06e A=aa daddr=c06e ce=1 xstall=0 xmc=0 xbusy=0 oeA=0 weA=0
[t] cyc=1650000 PC=c06f A=aa daddr=00d1 ce=0 xstall=0 xmc=0 xbusy=0 oeA=0 weA=0
[t] cyc=1700000 PC=c068 A=55 daddr=498e ce=1 xstall=0 xmc=0 xbusy=0 oeA=0 weA=0
[t] cyc=1700000 PC=c068 A=55 daddr=c068 ce=0 xstall=0 xmc=0 xbusy=0 oeA=0 weA=0
[t] cyc=1750000 PC=c05b A=00 daddr=c062 ce=1 xstall=0 xmc=0 xbusy=0 oeA=0 weA=0
[t] cyc=1750000 PC=c063 A=00 daddr=c063 ce=0 xstall=0 xmc=0 xbusy=0 oeA=0 weA=0
[t] cyc=1800000 PC=c074 A=00 daddr=4d89 ce=1 xstall=0 xmc=0 xbusy=0 oeA=0 weA=0
[t] cyc=1800000 PC=c074 A=00 daddr=c074 ce=0 xstall=0 xmc=0 xbusy=0 oeA=0 weA=0
[t] cyc=1850000 PC=c06f A=aa daddr=0011 ce=1 xstall=0 xmc=0 xbusy=0 oeA=0 weA=0
[t] cyc=1850000 PC=c06f A=aa daddr=0012 ce=0 xstall=0 xmc=0 xbusy=0 oeA=0 weA=0
[t] cyc=1900000 PC=c068 A=55 daddr=c068 ce=1 xstall=0 xmc=0 xbusy=0 oeA=0 weA=0
[t] cyc=1900000 PC=c069 A=55 daddr=c069 ce=0 xstall=0 xmc=0 xbusy=0 oeA=0 weA=0
[t] cyc=1950000 PC=c063 A=00 daddr=c063 ce=1 xstall=0 xmc=0 xbusy=0 oeA=0 weA=0
[t] cyc=1950000 PC=c064 A=00 daddr=c064 ce=0 xstall=0 xmc=0 xbusy=0 oeA=0 weA=0
[t] cyc=2000000 PC=c074 A=00 daddr=c074 ce=1 xstall=0 xmc=0 xbusy=0 oeA=0 weA=0
[t] cyc=2000000 PC=c075 A=00 daddr=c075 ce=0 xstall=0 xmc=0 xbusy=0 oeA=0 weA=0
[t] cyc=2050000 PC=c06f A=aa daddr=0012 ce=1 xstall=0 xmc=0 xbusy=0 oeA=0 weA=0
[t] cyc=2050000 PC=c06f A=aa daddr=7e7e ce=0 xstall=0 xmc=0 xbusy=0 oeA=0 weA=0
[t] cyc=2100000 PC=c069 A=55 daddr=c069 ce=1 xstall=0 xmc=0 xbusy=0 oeA=0 weA=0
[t] cyc=2100000 PC=c06a A=55 daddr=c06a ce=0 xstall=0 xmc=0 xbusy=0 oeA=0 weA=0
[t] cyc=2150000 PC=c064 A=00 daddr=c064 ce=1 xstall=0 xmc=0 xbusy=0 oeA=0 weA=0
[t] cyc=2150000 PC=c065 A=00 daddr=c065 ce=0 xstall=0 xmc=0 xbusy=0 oeA=0 weA=0
[t] cyc=2200000 PC=c075 A=00 daddr=c075 ce=1 xstall=0 xmc=0 xbusy=0 oeA=0 weA=0
[t] cyc=2200000 PC=c076 A=00 daddr=c076 ce=0 xstall=0 xmc=0 xbusy=0 oeA=0 weA=0
[t] cyc=2250000 PC=c06f A=aa daddr=5f75 ce=1 xstall=0 xmc=0 xbusy=0 oeA=0 weA=0
[t] cyc=2250000 PC=c06f A=aa daddr=c06f ce=0 xstall=0 xmc=0 xbusy=0 oeA=0 weA=0
[t] cyc=2300000 PC=c06a A=55 daddr=c06a ce=1 xstall=0 xmc=0 xbusy=0 oeA=0 weA=0
[t] cyc=2300000 PC=c06b A=55 daddr=c06b ce=0 xstall=0 xmc=0 xbusy=0 oeA=0 weA=0
[t] cyc=2350000 PC=c065 A=00 daddr=c065 ce=1 xstall=0 xmc=0 xbusy=0 oeA=0 weA=0
[t] cyc=2350000 PC=c066 A=55 daddr=0091 ce=0 xstall=0 xmc=0 xbusy=0 oeA=0 weA=0
[t] cyc=2400000 PC=c076 A=00 daddr=c076 ce=1 xstall=0 xmc=0 xbusy=0 oeA=0 weA=0
[t] cyc=2400000 PC=c077 A=00 daddr=c056 ce=0 xstall=0 xmc=0 xbusy=0 oeA=0 weA=0
[t] cyc=2450000 PC=c06f A=aa daddr=c06f ce=1 xstall=0 xmc=0 xbusy=0 oeA=0 weA=0
[t] cyc=2450000 PC=c070 A=aa daddr=c070 ce=0 xstall=0 xmc=0 xbusy=0 oeA=0 weA=0
[t] cyc=2500000 PC=c06b A=55 daddr=c06b ce=1 xstall=0 xmc=0 xbusy=0 oeA=0 weA=0
[t] cyc=2500000 PC=c06c A=55 daddr=c06b ce=0 xstall=0 xmc=0 xbusy=0 oeA=0 weA=0
[t] cyc=2550000 PC=c066 A=55 daddr=0011 ce=1 xstall=0 xmc=0 xbusy=0 oeA=0 weA=0
[t] cyc=2550000 PC=c066 A=55 daddr=0012 ce=0 xstall=0 xmc=0 xbusy=0 oeA=0 weA=0
[t] cyc=2600000 PC=c077 A=00 daddr=c056 ce=1 xstall=0 xmc=0 xbusy=0 oeA=0 weA=0
[t] cyc=2600000 PC=c057 A=00 daddr=c057 ce=0 xstall=0 xmc=0 xbusy=0 oeA=0 weA=0
[t] cyc=2650000 PC=c070 A=aa daddr=c070 ce=1 xstall=0 xmc=0 xbusy=0 oeA=0 weA=0
[t] cyc=2650000 PC=c071 A=aa daddr=c071 ce=0 xstall=0 xmc=0 xbusy=0 oeA=0 weA=0
[t] cyc=2700000 PC=c06c A=55 daddr=c06b ce=1 xstall=0 xmc=0 xbusy=0 oeA=0 weA=0
[t] cyc=2700000 PC=c06c A=55 daddr=c06c ce=0 xstall=0 xmc=0 xbusy=0 oeA=0 weA=0
[t] cyc=2750000 PC=c066 A=55 daddr=0012 ce=1 xstall=0 xmc=0 xbusy=0 oeA=0 weA=0
[t] cyc=2750000 PC=c066 A=55 daddr=5f5f ce=0 xstall=0 xmc=0 xbusy=0 oeA=0 weA=0
[t] cyc=2800000 PC=c057 A=00 daddr=c057 ce=1 xstall=0 xmc=0 xbusy=0 oeA=0 weA=0
[t] cyc=2800000 PC=c058 A=00 daddr=00e6 ce=0 xstall=0 xmc=0 xbusy=0 oeA=0 weA=0
[t] cyc=2850000 PC=c071 A=aa daddr=c071 ce=1 xstall=0 xmc=0 xbusy=0 oeA=0 weA=0
[t] cyc=2850000 PC=c072 A=aa daddr=c072 ce=0 xstall=0 xmc=0 xbusy=0 oeA=0 weA=0
[t] cyc=2900000 PC=c06c A=55 daddr=c06c ce=1 xstall=0 xmc=0 xbusy=0 oeA=0 weA=0
[t] cyc=2900000 PC=c06d A=aa daddr=0091 ce=0 xstall=0 xmc=0 xbusy=0 oeA=0 weA=0
[t] cyc=2950000 PC=c066 A=55 daddr=7b56 ce=1 xstall=0 xmc=0 xbusy=0 oeA=0 weA=0
[t] cyc=2950000 PC=c066 A=55 daddr=7b56 ce=0 xstall=0 xmc=0 xbusy=0 oeA=0 weA=0
[t] cyc=3000000 PC=c058 A=00 daddr=0011 ce=1 xstall=0 xmc=0 xbusy=0 oeA=0 weA=0
[t] cyc=3000000 PC=c058 A=00 daddr=0011 ce=0 xstall=0 xmc=0 xbusy=0 oeA=0 weA=0
[t] cyc=3050000 PC=c072 A=aa daddr=c072 ce=1 xstall=0 xmc=0 xbusy=0 oeA=0 weA=0
[t] cyc=3050000 PC=c073 A=aa daddr=c072 ce=0 xstall=0 xmc=0 xbusy=0 oeA=0 weA=0
[t] cyc=3100000 PC=c06d A=aa daddr=0011 ce=1 xstall=0 xmc=0 xbusy=0 oeA=0 weA=0
[t] cyc=3100000 PC=c06d A=aa daddr=0012 ce=0 xstall=0 xmc=0 xbusy=0 oeA=0 weA=0
[t] cyc=3150000 PC=c066 A=55 daddr=834d ce=1 xstall=0 xmc=0 xbusy=0 oeA=0 weA=0
[t] cyc=3150000 PC=c066 A=55 daddr=c066 ce=0 xstall=0 xmc=0 xbusy=0 oeA=0 weA=0
[t] cyc=3200000 PC=c058 A=00 daddr=0011 ce=1 xstall=0 xmc=0 xbusy=0 oeA=0 weA=0
[t] cyc=3200000 PC=c058 A=00 daddr=0011 ce=0 xstall=0 xmc=0 xbusy=0 oeA=0 weA=0
[t] cyc=3250000 PC=c073 A=aa daddr=c072 ce=1 xstall=0 xmc=0 xbusy=0 oeA=0 weA=0
[t] cyc=3250000 PC=c073 A=aa daddr=c073 ce=0 xstall=0 xmc=0 xbusy=0 oeA=0 weA=0
[t] cyc=3300000 PC=c06d A=aa daddr=0012 ce=1 xstall=0 xmc=0 xbusy=0 oeA=0 weA=0
[t] cyc=3300000 PC=c06d A=aa daddr=4646 ce=0 xstall=0 xmc=0 xbusy=0 oeA=0 weA=0

=== TIMEOUT cycle 3333333 ready_seen=0 PC=c06b ===
boards/arty_z7/sim/tb_top.sv:111: $finish called at 120000000000 (1ps)
